{
  "Entries": [
    {
      "RequestUri": "/subscriptions/b80cf239-2c72-47ab-b309-b26aec4656b1/providers/Microsoft.Search/register?api-version=2016-02-01",
      "EncodedRequestUri": "L3N1YnNjcmlwdGlvbnMvYjgwY2YyMzktMmM3Mi00N2FiLWIzMDktYjI2YWVjNDY1NmIxL3Byb3ZpZGVycy9NaWNyb3NvZnQuU2VhcmNoL3JlZ2lzdGVyP2FwaS12ZXJzaW9uPTIwMTYtMDItMDE=",
      "RequestMethod": "POST",
      "RequestBody": "",
      "RequestHeaders": {
        "x-ms-client-request-id": [
          "bc141039-28a6-4437-ad74-8d042d226a49"
        ],
        "accept-language": [
          "en-US"
        ],
        "User-Agent": [
          "FxVersion/4.6.24214.01",
          "Microsoft.Azure.Management.ResourceManager.ResourceManagementClient/1.1.1-preview"
        ]
      },
      "ResponseBody": "{\r\n  \"id\": \"/subscriptions/b80cf239-2c72-47ab-b309-b26aec4656b1/providers/Microsoft.Search\",\r\n  \"namespace\": \"Microsoft.Search\",\r\n  \"resourceTypes\": [\r\n    {\r\n      \"resourceType\": \"searchServices\",\r\n      \"locations\": [\r\n        \"West US\"\r\n      ],\r\n      \"apiVersions\": [\r\n        \"2015-08-19\",\r\n        \"2015-02-28\",\r\n        \"2014-07-31-Preview\"\r\n      ],\r\n      \"capabilities\": \"CrossResourceGroupResourceMove, CrossSubscriptionResourceMove\"\r\n    },\r\n    {\r\n      \"resourceType\": \"searchServicesCit\",\r\n      \"locations\": [\r\n        \"West US\"\r\n      ],\r\n      \"apiVersions\": [\r\n        \"2015-08-19\",\r\n        \"2015-02-28\",\r\n        \"2014-07-31-Preview\"\r\n      ],\r\n      \"capabilities\": \"CrossResourceGroupResourceMove, CrossSubscriptionResourceMove\"\r\n    },\r\n    {\r\n      \"resourceType\": \"searchServicesNxt\",\r\n      \"locations\": [\r\n        \"West US\"\r\n      ],\r\n      \"apiVersions\": [\r\n        \"2015-08-19\",\r\n        \"2015-02-28\",\r\n        \"2014-07-31-Preview\"\r\n      ],\r\n      \"capabilities\": \"CrossResourceGroupResourceMove, CrossSubscriptionResourceMove\"\r\n    },\r\n    {\r\n      \"resourceType\": \"searchServicesInt\",\r\n      \"locations\": [\r\n        \"West US\"\r\n      ],\r\n      \"apiVersions\": [\r\n        \"2015-08-19\",\r\n        \"2015-02-28\",\r\n        \"2014-07-31-Preview\"\r\n      ],\r\n      \"capabilities\": \"CrossResourceGroupResourceMove, CrossSubscriptionResourceMove\"\r\n    },\r\n    {\r\n      \"resourceType\": \"searchServicesPpe\",\r\n      \"locations\": [\r\n        \"West US\"\r\n      ],\r\n      \"apiVersions\": [\r\n        \"2015-08-19\",\r\n        \"2015-02-28\",\r\n        \"2014-07-31-Preview\"\r\n      ],\r\n      \"capabilities\": \"CrossResourceGroupResourceMove, CrossSubscriptionResourceMove\"\r\n    },\r\n    {\r\n      \"resourceType\": \"checkServiceNameAvailability\",\r\n      \"locations\": [],\r\n      \"apiVersions\": [\r\n        \"2015-02-28\",\r\n        \"2014-07-31-Preview\"\r\n      ]\r\n    },\r\n    {\r\n      \"resourceType\": \"checkServiceNameAvailabilityCit\",\r\n      \"locations\": [],\r\n      \"apiVersions\": [\r\n        \"2015-02-28\",\r\n        \"2014-07-31-Preview\"\r\n      ]\r\n    },\r\n    {\r\n      \"resourceType\": \"checkServiceNameAvailabilityNxt\",\r\n      \"locations\": [],\r\n      \"apiVersions\": [\r\n        \"2015-02-28\",\r\n        \"2014-07-31-Preview\"\r\n      ]\r\n    },\r\n    {\r\n      \"resourceType\": \"checkServiceNameAvailabilityInt\",\r\n      \"locations\": [],\r\n      \"apiVersions\": [\r\n        \"2015-02-28\",\r\n        \"2014-07-31-Preview\"\r\n      ]\r\n    },\r\n    {\r\n      \"resourceType\": \"checkServiceNameAvailabilityPpe\",\r\n      \"locations\": [],\r\n      \"apiVersions\": [\r\n        \"2015-02-28\",\r\n        \"2014-07-31-Preview\"\r\n      ]\r\n    },\r\n    {\r\n      \"resourceType\": \"checkNameAvailability\",\r\n      \"locations\": [],\r\n      \"apiVersions\": [\r\n        \"2015-08-19\"\r\n      ]\r\n    },\r\n    {\r\n      \"resourceType\": \"checkNameAvailabilityCit\",\r\n      \"locations\": [],\r\n      \"apiVersions\": [\r\n        \"2015-08-19\"\r\n      ]\r\n    },\r\n    {\r\n      \"resourceType\": \"checkNameAvailabilityNxt\",\r\n      \"locations\": [],\r\n      \"apiVersions\": [\r\n        \"2015-08-19\"\r\n      ]\r\n    },\r\n    {\r\n      \"resourceType\": \"checkNameAvailabilityInt\",\r\n      \"locations\": [],\r\n      \"apiVersions\": [\r\n        \"2015-08-19\"\r\n      ]\r\n    },\r\n    {\r\n      \"resourceType\": \"checkNameAvailabilityPpe\",\r\n      \"locations\": [],\r\n      \"apiVersions\": [\r\n        \"2015-08-19\"\r\n      ]\r\n    },\r\n    {\r\n      \"resourceType\": \"resourceHealthMetadata\",\r\n      \"locations\": [],\r\n      \"apiVersions\": [\r\n        \"2015-08-19\"\r\n      ]\r\n    },\r\n    {\r\n      \"resourceType\": \"operations\",\r\n      \"locations\": [],\r\n      \"apiVersions\": [\r\n        \"2015-08-19\",\r\n        \"2015-02-28\"\r\n      ]\r\n    }\r\n  ],\r\n  \"registrationState\": \"Registered\"\r\n}",
      "ResponseHeaders": {
        "Content-Type": [
          "application/json; charset=utf-8"
        ],
        "Expires": [
          "-1"
        ],
        "Cache-Control": [
          "no-cache"
        ],
        "Date": [
          "Tue, 28 Feb 2017 02:53:23 GMT"
        ],
        "Pragma": [
          "no-cache"
        ],
        "Transfer-Encoding": [
          "chunked"
        ],
        "Vary": [
          "Accept-Encoding"
        ],
        "x-ms-ratelimit-remaining-subscription-writes": [
          "1161"
        ],
        "x-ms-request-id": [
          "41c74fb7-20c4-4386-8792-ef2df54dd945"
        ],
        "x-ms-correlation-request-id": [
          "41c74fb7-20c4-4386-8792-ef2df54dd945"
        ],
        "x-ms-routing-request-id": [
          "CENTRALUS:20170228T025324Z:41c74fb7-20c4-4386-8792-ef2df54dd945"
        ],
        "Strict-Transport-Security": [
          "max-age=31536000; includeSubDomains"
        ]
      },
      "StatusCode": 200
    },
    {
      "RequestUri": "/subscriptions/b80cf239-2c72-47ab-b309-b26aec4656b1/resourcegroups/azsmnet9642?api-version=2016-02-01",
      "EncodedRequestUri": "L3N1YnNjcmlwdGlvbnMvYjgwY2YyMzktMmM3Mi00N2FiLWIzMDktYjI2YWVjNDY1NmIxL3Jlc291cmNlZ3JvdXBzL2F6c21uZXQ5NjQyP2FwaS12ZXJzaW9uPTIwMTYtMDItMDE=",
      "RequestMethod": "PUT",
      "RequestBody": "{\r\n  \"location\": \"West US\"\r\n}",
      "RequestHeaders": {
        "Content-Type": [
          "application/json; charset=utf-8"
        ],
        "Content-Length": [
          "29"
        ],
        "x-ms-client-request-id": [
          "f754f15c-b635-4d3b-b7c2-cb782e279d75"
        ],
        "accept-language": [
          "en-US"
        ],
        "User-Agent": [
          "FxVersion/4.6.24214.01",
          "Microsoft.Azure.Management.ResourceManager.ResourceManagementClient/1.1.1-preview"
        ]
      },
      "ResponseBody": "{\r\n  \"id\": \"/subscriptions/b80cf239-2c72-47ab-b309-b26aec4656b1/resourceGroups/azsmnet9642\",\r\n  \"name\": \"azsmnet9642\",\r\n  \"location\": \"westus\",\r\n  \"properties\": {\r\n    \"provisioningState\": \"Succeeded\"\r\n  }\r\n}",
      "ResponseHeaders": {
        "Content-Length": [
          "175"
        ],
        "Content-Type": [
          "application/json; charset=utf-8"
        ],
        "Expires": [
          "-1"
        ],
        "Cache-Control": [
          "no-cache"
        ],
        "Date": [
          "Tue, 28 Feb 2017 02:53:24 GMT"
        ],
        "Pragma": [
          "no-cache"
        ],
        "x-ms-ratelimit-remaining-subscription-writes": [
          "1160"
        ],
        "x-ms-request-id": [
          "178e76b9-748a-46f6-95ca-d656494f69ff"
        ],
        "x-ms-correlation-request-id": [
          "178e76b9-748a-46f6-95ca-d656494f69ff"
        ],
        "x-ms-routing-request-id": [
          "CENTRALUS:20170228T025325Z:178e76b9-748a-46f6-95ca-d656494f69ff"
        ],
        "Strict-Transport-Security": [
          "max-age=31536000; includeSubDomains"
        ]
      },
      "StatusCode": 201
    },
    {
      "RequestUri": "/subscriptions/b80cf239-2c72-47ab-b309-b26aec4656b1/resourceGroups/azsmnet9642/providers/Microsoft.Search/searchServices/azs-5950?api-version=2015-08-19",
      "EncodedRequestUri": "L3N1YnNjcmlwdGlvbnMvYjgwY2YyMzktMmM3Mi00N2FiLWIzMDktYjI2YWVjNDY1NmIxL3Jlc291cmNlR3JvdXBzL2F6c21uZXQ5NjQyL3Byb3ZpZGVycy9NaWNyb3NvZnQuU2VhcmNoL3NlYXJjaFNlcnZpY2VzL2F6cy01OTUwP2FwaS12ZXJzaW9uPTIwMTUtMDgtMTk=",
      "RequestMethod": "PUT",
      "RequestBody": "{\r\n  \"sku\": {\r\n    \"name\": \"free\"\r\n  },\r\n  \"location\": \"West US\"\r\n}",
      "RequestHeaders": {
        "Content-Type": [
          "application/json; charset=utf-8"
        ],
        "Content-Length": [
          "67"
        ],
        "x-ms-client-request-id": [
          "5f97b344-cc21-404c-b3d7-6bfb7b30f70b"
        ],
        "accept-language": [
          "en-US"
        ],
        "User-Agent": [
          "FxVersion/4.6.24214.01",
          "Microsoft.Azure.Management.Search.SearchManagementClient/1.0.1"
        ]
      },
      "ResponseBody": "{\r\n  \"id\": \"/subscriptions/b80cf239-2c72-47ab-b309-b26aec4656b1/resourceGroups/azsmnet9642/providers/Microsoft.Search/searchServices/azs-5950\",\r\n  \"name\": \"azs-5950\",\r\n  \"type\": \"Microsoft.Search/searchServices\",\r\n  \"location\": \"West US\",\r\n  \"properties\": {\r\n    \"replicaCount\": 1,\r\n    \"partitionCount\": 1,\r\n    \"status\": \"running\",\r\n    \"statusDetails\": \"\",\r\n    \"provisioningState\": \"succeeded\",\r\n    \"hostingMode\": \"Default\"\r\n  },\r\n  \"sku\": {\r\n    \"name\": \"free\"\r\n  }\r\n}",
      "ResponseHeaders": {
        "Content-Length": [
          "385"
        ],
        "Content-Type": [
          "application/json; charset=utf-8"
        ],
        "Expires": [
          "-1"
        ],
        "Cache-Control": [
          "no-cache"
        ],
        "Date": [
          "Tue, 28 Feb 2017 02:53:25 GMT"
        ],
        "Pragma": [
          "no-cache"
        ],
        "ETag": [
          "W/\"datetime'2017-02-28T02%3A53%3A25.6446289Z'\""
        ],
        "x-ms-request-id": [
          "5f97b344-cc21-404c-b3d7-6bfb7b30f70b"
        ],
        "request-id": [
          "5f97b344-cc21-404c-b3d7-6bfb7b30f70b"
        ],
        "elapsed-time": [
          "538"
        ],
        "Strict-Transport-Security": [
          "max-age=31536000; includeSubDomains"
        ],
        "X-AspNet-Version": [
          "4.0.30319"
        ],
        "x-ms-ratelimit-remaining-subscription-writes": [
          "1171"
        ],
        "x-ms-correlation-request-id": [
          "495342a2-aa14-4324-9466-a74fe55dad61"
        ],
        "x-ms-routing-request-id": [
          "CENTRALUS:20170228T025326Z:495342a2-aa14-4324-9466-a74fe55dad61"
        ]
      },
      "StatusCode": 201
    },
    {
      "RequestUri": "/subscriptions/b80cf239-2c72-47ab-b309-b26aec4656b1/resourceGroups/azsmnet9642/providers/Microsoft.Search/searchServices/azs-5950/listAdminKeys?api-version=2015-08-19",
      "EncodedRequestUri": "L3N1YnNjcmlwdGlvbnMvYjgwY2YyMzktMmM3Mi00N2FiLWIzMDktYjI2YWVjNDY1NmIxL3Jlc291cmNlR3JvdXBzL2F6c21uZXQ5NjQyL3Byb3ZpZGVycy9NaWNyb3NvZnQuU2VhcmNoL3NlYXJjaFNlcnZpY2VzL2F6cy01OTUwL2xpc3RBZG1pbktleXM/YXBpLXZlcnNpb249MjAxNS0wOC0xOQ==",
      "RequestMethod": "POST",
      "RequestBody": "",
      "RequestHeaders": {
        "x-ms-client-request-id": [
          "d869cfba-4d0b-4d4b-912d-7cc1c414e724"
        ],
        "accept-language": [
          "en-US"
        ],
        "User-Agent": [
          "FxVersion/4.6.24214.01",
          "Microsoft.Azure.Management.Search.SearchManagementClient/1.0.1"
        ]
      },
      "ResponseBody": "{\r\n  \"primaryKey\": \"76A76DC843BA83BAC2C3D6A1EE051CC3\",\r\n  \"secondaryKey\": \"AADC10FB5EF611BF57024938A664C0A1\"\r\n}",
      "ResponseHeaders": {
        "Content-Type": [
          "application/json; charset=utf-8"
        ],
        "Expires": [
          "-1"
        ],
        "Cache-Control": [
          "no-cache"
        ],
        "Date": [
          "Tue, 28 Feb 2017 02:53:26 GMT"
        ],
        "Pragma": [
          "no-cache"
        ],
        "Transfer-Encoding": [
          "chunked"
        ],
        "Vary": [
          "Accept-Encoding",
          "Accept-Encoding"
        ],
        "x-ms-request-id": [
          "d869cfba-4d0b-4d4b-912d-7cc1c414e724"
        ],
        "request-id": [
          "d869cfba-4d0b-4d4b-912d-7cc1c414e724"
        ],
        "elapsed-time": [
          "129"
        ],
        "Strict-Transport-Security": [
          "max-age=31536000; includeSubDomains"
        ],
        "X-AspNet-Version": [
          "4.0.30319"
        ],
        "x-ms-ratelimit-remaining-subscription-writes": [
          "1170"
        ],
        "x-ms-correlation-request-id": [
          "737bf95f-a7e5-492b-8f5c-eb2eeafa2066"
        ],
        "x-ms-routing-request-id": [
          "CENTRALUS:20170228T025326Z:737bf95f-a7e5-492b-8f5c-eb2eeafa2066"
        ]
      },
      "StatusCode": 200
    },
    {
      "RequestUri": "/subscriptions/b80cf239-2c72-47ab-b309-b26aec4656b1/resourceGroups/azsmnet9642/providers/Microsoft.Search/searchServices/azs-5950/listQueryKeys?api-version=2015-08-19",
      "EncodedRequestUri": "L3N1YnNjcmlwdGlvbnMvYjgwY2YyMzktMmM3Mi00N2FiLWIzMDktYjI2YWVjNDY1NmIxL3Jlc291cmNlR3JvdXBzL2F6c21uZXQ5NjQyL3Byb3ZpZGVycy9NaWNyb3NvZnQuU2VhcmNoL3NlYXJjaFNlcnZpY2VzL2F6cy01OTUwL2xpc3RRdWVyeUtleXM/YXBpLXZlcnNpb249MjAxNS0wOC0xOQ==",
      "RequestMethod": "GET",
      "RequestBody": "",
      "RequestHeaders": {
        "x-ms-client-request-id": [
          "c6fd0136-a72f-495d-b091-376f48c3c8aa"
        ],
        "accept-language": [
          "en-US"
        ],
        "User-Agent": [
          "FxVersion/4.6.24214.01",
          "Microsoft.Azure.Management.Search.SearchManagementClient/1.0.1"
        ]
      },
      "ResponseBody": "{\r\n  \"value\": [\r\n    {\r\n      \"name\": null,\r\n      \"key\": \"8260F16FDFA31550DCC4EA7DD8259E60\"\r\n    }\r\n  ],\r\n  \"nextLink\": null\r\n}",
      "ResponseHeaders": {
        "Content-Type": [
          "application/json; charset=utf-8"
        ],
        "Expires": [
          "-1"
        ],
        "Cache-Control": [
          "no-cache"
        ],
        "Date": [
          "Tue, 28 Feb 2017 02:53:26 GMT"
        ],
        "Pragma": [
          "no-cache"
        ],
        "Transfer-Encoding": [
          "chunked"
        ],
        "Vary": [
          "Accept-Encoding",
          "Accept-Encoding"
        ],
        "x-ms-request-id": [
          "c6fd0136-a72f-495d-b091-376f48c3c8aa"
        ],
        "request-id": [
          "c6fd0136-a72f-495d-b091-376f48c3c8aa"
        ],
        "elapsed-time": [
          "127"
        ],
        "Strict-Transport-Security": [
          "max-age=31536000; includeSubDomains"
        ],
        "X-AspNet-Version": [
          "4.0.30319"
        ],
        "x-ms-ratelimit-remaining-subscription-reads": [
          "14997"
        ],
        "x-ms-correlation-request-id": [
          "f39928af-9df7-485b-a837-87014bcce28b"
        ],
        "x-ms-routing-request-id": [
          "CENTRALUS:20170228T025327Z:f39928af-9df7-485b-a837-87014bcce28b"
        ]
      },
      "StatusCode": 200
    },
    {
      "RequestUri": "/indexes?api-version=2016-09-01-Preview",
      "EncodedRequestUri": "L2luZGV4ZXM/YXBpLXZlcnNpb249MjAxNi0wOS0wMS1QcmV2aWV3",
      "RequestMethod": "POST",
      "RequestBody": "{\r\n  \"name\": \"azsmnet5498\",\r\n  \"fields\": [\r\n    {\r\n      \"name\": \"feature_id\",\r\n      \"type\": \"Edm.String\",\r\n      \"key\": true,\r\n      \"searchable\": false,\r\n      \"filterable\": false,\r\n      \"sortable\": false,\r\n      \"facetable\": false,\r\n      \"retrievable\": true\r\n    },\r\n    {\r\n      \"name\": \"feature_name\",\r\n      \"type\": \"Edm.String\",\r\n      \"key\": false,\r\n      \"searchable\": true,\r\n      \"filterable\": true,\r\n      \"sortable\": false,\r\n      \"facetable\": false,\r\n      \"retrievable\": true\r\n    },\r\n    {\r\n      \"name\": \"feature_class\",\r\n      \"type\": \"Edm.String\",\r\n      \"key\": false,\r\n      \"searchable\": false,\r\n      \"filterable\": false,\r\n      \"sortable\": false,\r\n      \"facetable\": false,\r\n      \"retrievable\": true\r\n    },\r\n    {\r\n      \"name\": \"state\",\r\n      \"type\": \"Edm.String\",\r\n      \"key\": false,\r\n      \"searchable\": true,\r\n      \"filterable\": true,\r\n      \"sortable\": false,\r\n      \"facetable\": false,\r\n      \"retrievable\": true\r\n    },\r\n    {\r\n      \"name\": \"county_name\",\r\n      \"type\": \"Edm.String\",\r\n      \"key\": false,\r\n      \"searchable\": true,\r\n      \"filterable\": true,\r\n      \"sortable\": false,\r\n      \"facetable\": false,\r\n      \"retrievable\": true\r\n    },\r\n    {\r\n      \"name\": \"elevation\",\r\n      \"type\": \"Edm.Int32\",\r\n      \"key\": false,\r\n      \"searchable\": false,\r\n      \"filterable\": true,\r\n      \"sortable\": false,\r\n      \"facetable\": false,\r\n      \"retrievable\": true\r\n    },\r\n    {\r\n      \"name\": \"map_name\",\r\n      \"type\": \"Edm.String\",\r\n      \"key\": false,\r\n      \"searchable\": true,\r\n      \"filterable\": true,\r\n      \"sortable\": false,\r\n      \"facetable\": false,\r\n      \"retrievable\": true\r\n    },\r\n    {\r\n      \"name\": \"history\",\r\n      \"type\": \"Collection(Edm.String)\",\r\n      \"key\": false,\r\n      \"searchable\": true,\r\n      \"filterable\": false,\r\n      \"sortable\": false,\r\n      \"facetable\": false,\r\n      \"retrievable\": true\r\n    }\r\n  ]\r\n}",
      "RequestHeaders": {
        "Content-Type": [
          "application/json; charset=utf-8"
        ],
        "Content-Length": [
          "1884"
        ],
        "client-request-id": [
          "81fe9735-622c-4b09-af1e-94014690bcfb"
        ],
        "accept-language": [
          "en-US"
        ],
        "api-key": [
          "76A76DC843BA83BAC2C3D6A1EE051CC3"
        ],
        "User-Agent": [
          "FxVersion/4.6.24214.01",
          "Microsoft.Azure.Search.SearchServiceClient/3.0.2"
        ]
      },
      "ResponseBody": "{\r\n  \"@odata.context\": \"https://azs-5950.search-dogfood.windows-int.net/$metadata#indexes/$entity\",\r\n  \"@odata.etag\": \"\\\"0x8D45F84F8D3C309\\\"\",\r\n  \"name\": \"azsmnet5498\",\r\n  \"fields\": [\r\n    {\r\n      \"name\": \"feature_id\",\r\n      \"type\": \"Edm.String\",\r\n      \"searchable\": false,\r\n      \"filterable\": false,\r\n      \"retrievable\": true,\r\n      \"sortable\": false,\r\n      \"facetable\": false,\r\n      \"key\": true,\r\n      \"indexAnalyzer\": null,\r\n      \"searchAnalyzer\": null,\r\n      \"analyzer\": null,\r\n      \"synonymMaps\": []\r\n    },\r\n    {\r\n      \"name\": \"feature_name\",\r\n      \"type\": \"Edm.String\",\r\n      \"searchable\": true,\r\n      \"filterable\": true,\r\n      \"retrievable\": true,\r\n      \"sortable\": false,\r\n      \"facetable\": false,\r\n      \"key\": false,\r\n      \"indexAnalyzer\": null,\r\n      \"searchAnalyzer\": null,\r\n      \"analyzer\": null,\r\n      \"synonymMaps\": []\r\n    },\r\n    {\r\n      \"name\": \"feature_class\",\r\n      \"type\": \"Edm.String\",\r\n      \"searchable\": false,\r\n      \"filterable\": false,\r\n      \"retrievable\": true,\r\n      \"sortable\": false,\r\n      \"facetable\": false,\r\n      \"key\": false,\r\n      \"indexAnalyzer\": null,\r\n      \"searchAnalyzer\": null,\r\n      \"analyzer\": null,\r\n      \"synonymMaps\": []\r\n    },\r\n    {\r\n      \"name\": \"state\",\r\n      \"type\": \"Edm.String\",\r\n      \"searchable\": true,\r\n      \"filterable\": true,\r\n      \"retrievable\": true,\r\n      \"sortable\": false,\r\n      \"facetable\": false,\r\n      \"key\": false,\r\n      \"indexAnalyzer\": null,\r\n      \"searchAnalyzer\": null,\r\n      \"analyzer\": null,\r\n      \"synonymMaps\": []\r\n    },\r\n    {\r\n      \"name\": \"county_name\",\r\n      \"type\": \"Edm.String\",\r\n      \"searchable\": true,\r\n      \"filterable\": true,\r\n      \"retrievable\": true,\r\n      \"sortable\": false,\r\n      \"facetable\": false,\r\n      \"key\": false,\r\n      \"indexAnalyzer\": null,\r\n      \"searchAnalyzer\": null,\r\n      \"analyzer\": null,\r\n      \"synonymMaps\": []\r\n    },\r\n    {\r\n      \"name\": \"elevation\",\r\n      \"type\": \"Edm.Int32\",\r\n      \"searchable\": false,\r\n      \"filterable\": true,\r\n      \"retrievable\": true,\r\n      \"sortable\": false,\r\n      \"facetable\": false,\r\n      \"key\": false,\r\n      \"indexAnalyzer\": null,\r\n      \"searchAnalyzer\": null,\r\n      \"analyzer\": null,\r\n      \"synonymMaps\": []\r\n    },\r\n    {\r\n      \"name\": \"map_name\",\r\n      \"type\": \"Edm.String\",\r\n      \"searchable\": true,\r\n      \"filterable\": true,\r\n      \"retrievable\": true,\r\n      \"sortable\": false,\r\n      \"facetable\": false,\r\n      \"key\": false,\r\n      \"indexAnalyzer\": null,\r\n      \"searchAnalyzer\": null,\r\n      \"analyzer\": null,\r\n      \"synonymMaps\": []\r\n    },\r\n    {\r\n      \"name\": \"history\",\r\n      \"type\": \"Collection(Edm.String)\",\r\n      \"searchable\": true,\r\n      \"filterable\": false,\r\n      \"retrievable\": true,\r\n      \"sortable\": false,\r\n      \"facetable\": false,\r\n      \"key\": false,\r\n      \"indexAnalyzer\": null,\r\n      \"searchAnalyzer\": null,\r\n      \"analyzer\": null,\r\n      \"synonymMaps\": []\r\n    }\r\n  ],\r\n  \"scoringProfiles\": [],\r\n  \"defaultScoringProfile\": null,\r\n  \"corsOptions\": null,\r\n  \"suggesters\": [],\r\n  \"analyzers\": [],\r\n  \"tokenizers\": [],\r\n  \"tokenFilters\": [],\r\n  \"charFilters\": []\r\n}",
      "ResponseHeaders": {
        "Content-Length": [
          "2086"
        ],
        "Content-Type": [
          "application/json; odata.metadata=minimal"
        ],
        "Expires": [
          "-1"
        ],
        "Cache-Control": [
          "no-cache"
        ],
        "Date": [
          "Tue, 28 Feb 2017 02:53:26 GMT"
        ],
        "Pragma": [
          "no-cache"
        ],
        "ETag": [
          "W/\"0x8D45F84F8D3C309\""
        ],
        "Location": [
          "https://azs-5950.search-dogfood.windows-int.net/indexes('azsmnet5498')?api-version=2016-09-01-Preview"
        ],
        "request-id": [
          "81fe9735-622c-4b09-af1e-94014690bcfb"
        ],
        "elapsed-time": [
          "1150"
        ],
        "OData-Version": [
          "4.0"
        ],
        "Preference-Applied": [
          "odata.include-annotations=\"*\""
        ],
        "Strict-Transport-Security": [
          "max-age=15724800; includeSubDomains"
        ]
      },
      "StatusCode": 201
    },
    {
      "RequestUri": "/datasources?api-version=2016-09-01-Preview",
      "EncodedRequestUri": "L2RhdGFzb3VyY2VzP2FwaS12ZXJzaW9uPTIwMTYtMDktMDEtUHJldmlldw==",
      "RequestMethod": "POST",
      "RequestBody": "{\r\n  \"name\": \"azsmnet8830\",\r\n  \"type\": \"azuresql\",\r\n  \"credentials\": {\r\n    \"connectionString\": \"Server=tcp:azs-playground.database.windows.net,1433;Database=usgs;User ID=reader;Password=EdrERBt3j6mZDP;Trusted_Connection=False;Encrypt=True;Connection Timeout=30;\"\r\n  },\r\n  \"container\": {\r\n    \"name\": \"GeoNamesRI\"\r\n  }\r\n}",
      "RequestHeaders": {
        "Content-Type": [
          "application/json; charset=utf-8"
        ],
        "Content-Length": [
          "321"
        ],
        "client-request-id": [
          "0a233b47-5f50-483c-96fc-ad8909041f22"
        ],
        "accept-language": [
          "en-US"
        ],
        "api-key": [
          "76A76DC843BA83BAC2C3D6A1EE051CC3"
        ],
        "User-Agent": [
          "FxVersion/4.6.24214.01",
          "Microsoft.Azure.Search.SearchServiceClient/3.0.2"
        ]
      },
      "ResponseBody": "{\r\n  \"@odata.context\": \"https://azs-5950.search-dogfood.windows-int.net/$metadata#datasources/$entity\",\r\n  \"@odata.etag\": \"\\\"0x8D45F84F8FDC37D\\\"\",\r\n  \"name\": \"azsmnet8830\",\r\n  \"description\": null,\r\n  \"type\": \"azuresql\",\r\n  \"subtype\": null,\r\n  \"credentials\": {\r\n    \"connectionString\": \"Server=tcp:azs-playground.database.windows.net,1433;Database=usgs;User ID=reader;Password=EdrERBt3j6mZDP;Trusted_Connection=False;Encrypt=True;Connection Timeout=30;\"\r\n  },\r\n  \"container\": {\r\n    \"name\": \"GeoNamesRI\",\r\n    \"query\": null\r\n  },\r\n  \"dataChangeDetectionPolicy\": null,\r\n  \"dataDeletionDetectionPolicy\": null\r\n}",
      "ResponseHeaders": {
        "Content-Length": [
          "527"
        ],
        "Content-Type": [
          "application/json; odata.metadata=minimal"
        ],
        "Expires": [
          "-1"
        ],
        "Cache-Control": [
          "no-cache"
        ],
        "Date": [
          "Tue, 28 Feb 2017 02:53:26 GMT"
        ],
        "Pragma": [
          "no-cache"
        ],
        "ETag": [
          "W/\"0x8D45F84F8FDC37D\""
        ],
        "Location": [
          "https://azs-5950.search-dogfood.windows-int.net/datasources('azsmnet8830')?api-version=2016-09-01-Preview"
        ],
        "request-id": [
          "0a233b47-5f50-483c-96fc-ad8909041f22"
        ],
        "elapsed-time": [
          "230"
        ],
        "OData-Version": [
          "4.0"
        ],
        "Preference-Applied": [
          "odata.include-annotations=\"*\""
        ],
        "Strict-Transport-Security": [
          "max-age=15724800; includeSubDomains"
        ]
      },
      "StatusCode": 201
    },
    {
      "RequestUri": "/indexers?api-version=2016-09-01-Preview",
      "EncodedRequestUri": "L2luZGV4ZXJzP2FwaS12ZXJzaW9uPTIwMTYtMDktMDEtUHJldmlldw==",
      "RequestMethod": "POST",
      "RequestBody": "{\r\n  \"name\": \"azsmnet5113\",\r\n  \"dataSourceName\": \"azsmnet8830\",\r\n  \"targetIndexName\": \"azsmnet5498\",\r\n  \"schedule\": {\r\n    \"interval\": \"P1D\"\r\n  },\r\n  \"fieldMappings\": [\r\n    {\r\n      \"sourceFieldName\": \"feature_class\",\r\n      \"targetFieldName\": \"feature_class\",\r\n      \"mappingFunction\": {\r\n        \"name\": \"base64Encode\"\r\n      }\r\n    },\r\n    {\r\n      \"sourceFieldName\": \"state_alpha\",\r\n      \"targetFieldName\": \"state\"\r\n    },\r\n    {\r\n      \"sourceFieldName\": \"county_name\",\r\n      \"targetFieldName\": \"county_name\",\r\n      \"mappingFunction\": {\r\n        \"name\": \"extractTokenAtPosition\",\r\n        \"parameters\": {\r\n          \"delimiter\": \" \",\r\n          \"position\": 0\r\n        }\r\n      }\r\n    },\r\n    {\r\n      \"sourceFieldName\": \"elev_in_m\",\r\n      \"targetFieldName\": \"elevation\"\r\n    },\r\n    {\r\n      \"sourceFieldName\": \"map_name\",\r\n      \"targetFieldName\": \"map_name\",\r\n      \"mappingFunction\": {\r\n        \"name\": \"base64Decode\"\r\n      }\r\n    },\r\n    {\r\n      \"sourceFieldName\": \"history\",\r\n      \"targetFieldName\": \"history\",\r\n      \"mappingFunction\": {\r\n        \"name\": \"jsonArrayToStringCollection\"\r\n      }\r\n    }\r\n  ]\r\n}",
      "RequestHeaders": {
        "Content-Type": [
          "application/json; charset=utf-8"
        ],
        "Content-Length": [
          "1127"
        ],
        "client-request-id": [
          "2a2f2854-6990-4285-b678-f1579b54acd1"
        ],
        "accept-language": [
          "en-US"
        ],
        "api-key": [
          "76A76DC843BA83BAC2C3D6A1EE051CC3"
        ],
        "User-Agent": [
          "FxVersion/4.6.24214.01",
          "Microsoft.Azure.Search.SearchServiceClient/3.0.2"
        ]
      },
      "ResponseBody": "{\"@odata.context\":\"https://azs-5950.search-dogfood.windows-int.net/$metadata#indexers/$entity\",\"@odata.etag\":\"\\\"0x8D45F84FA06C193\\\"\",\"name\":\"azsmnet5113\",\"description\":null,\"dataSourceName\":\"azsmnet8830\",\"targetIndexName\":\"azsmnet5498\",\"schedule\":{\"interval\":\"P1D\",\"startTime\":\"0001-01-01T00:00:00Z\"},\"parameters\":null,\"fieldMappings\":[{\"sourceFieldName\":\"feature_class\",\"targetFieldName\":\"feature_class\",\"mappingFunction\":{\"name\":\"base64Encode\",\"parameters\":null}},{\"sourceFieldName\":\"state_alpha\",\"targetFieldName\":\"state\",\"mappingFunction\":null},{\"sourceFieldName\":\"county_name\",\"targetFieldName\":\"county_name\",\"mappingFunction\":{\"name\":\"extractTokenAtPosition\",\"parameters\":{\"delimiter\":\" \",\"position\":0}}},{\"sourceFieldName\":\"elev_in_m\",\"targetFieldName\":\"elevation\",\"mappingFunction\":null},{\"sourceFieldName\":\"map_name\",\"targetFieldName\":\"map_name\",\"mappingFunction\":{\"name\":\"base64Decode\",\"parameters\":null}},{\"sourceFieldName\":\"history\",\"targetFieldName\":\"history\",\"mappingFunction\":{\"name\":\"jsonArrayToStringCollection\",\"parameters\":null}}],\"enrichers\":[],\"disabled\":null}",
      "ResponseHeaders": {
        "Content-Length": [
          "1081"
        ],
        "Content-Type": [
          "application/json; odata.metadata=minimal"
        ],
        "Expires": [
          "-1"
        ],
        "Cache-Control": [
          "no-cache"
        ],
        "Date": [
          "Tue, 28 Feb 2017 02:53:31 GMT"
        ],
        "Pragma": [
          "no-cache"
        ],
        "ETag": [
          "W/\"0x8D45F84FA06C193\""
        ],
        "Location": [
          "https://azs-5950.search-dogfood.windows-int.net/indexers('azsmnet5113')?api-version=2016-09-01-Preview"
        ],
        "request-id": [
          "2a2f2854-6990-4285-b678-f1579b54acd1"
        ],
        "elapsed-time": [
          "1721"
        ],
        "OData-Version": [
          "4.0"
        ],
        "Preference-Applied": [
          "odata.include-annotations=\"*\""
        ],
        "Strict-Transport-Security": [
          "max-age=15724800; includeSubDomains"
        ]
      },
      "StatusCode": 201
    },
    {
      "RequestUri": "/indexers('azsmnet5113')?api-version=2016-09-01-Preview",
      "EncodedRequestUri": "L2luZGV4ZXJzKCdhenNtbmV0NTExMycpP2FwaS12ZXJzaW9uPTIwMTYtMDktMDEtUHJldmlldw==",
      "RequestMethod": "GET",
      "RequestBody": "",
      "RequestHeaders": {
        "client-request-id": [
          "39323d31-de4d-4ae4-af26-b4020af7905a"
        ],
        "accept-language": [
          "en-US"
        ],
        "api-key": [
          "76A76DC843BA83BAC2C3D6A1EE051CC3"
        ],
        "User-Agent": [
          "FxVersion/4.6.24214.01",
          "Microsoft.Azure.Search.SearchServiceClient/3.0.2"
        ]
      },
      "ResponseBody": "{\"@odata.context\":\"https://azs-5950.search-dogfood.windows-int.net/$metadata#indexers/$entity\",\"@odata.etag\":\"\\\"0x8D45F84FA06C193\\\"\",\"name\":\"azsmnet5113\",\"description\":null,\"dataSourceName\":\"azsmnet8830\",\"targetIndexName\":\"azsmnet5498\",\"schedule\":{\"interval\":\"P1D\",\"startTime\":\"0001-01-01T00:00:00Z\"},\"parameters\":null,\"fieldMappings\":[{\"sourceFieldName\":\"feature_class\",\"targetFieldName\":\"feature_class\",\"mappingFunction\":{\"name\":\"base64Encode\",\"parameters\":null}},{\"sourceFieldName\":\"state_alpha\",\"targetFieldName\":\"state\",\"mappingFunction\":null},{\"sourceFieldName\":\"county_name\",\"targetFieldName\":\"county_name\",\"mappingFunction\":{\"name\":\"extractTokenAtPosition\",\"parameters\":{\"delimiter\":\" \",\"position\":0}}},{\"sourceFieldName\":\"elev_in_m\",\"targetFieldName\":\"elevation\",\"mappingFunction\":null},{\"sourceFieldName\":\"map_name\",\"targetFieldName\":\"map_name\",\"mappingFunction\":{\"name\":\"base64Decode\",\"parameters\":null}},{\"sourceFieldName\":\"history\",\"targetFieldName\":\"history\",\"mappingFunction\":{\"name\":\"jsonArrayToStringCollection\",\"parameters\":null}}],\"enrichers\":[],\"disabled\":null}",
      "ResponseHeaders": {
        "Content-Type": [
          "application/json; odata.metadata=minimal; odata.streaming=true"
        ],
        "Expires": [
          "-1"
        ],
        "Cache-Control": [
          "no-cache"
        ],
        "Date": [
          "Tue, 28 Feb 2017 02:53:31 GMT"
        ],
        "Pragma": [
          "no-cache"
        ],
        "ETag": [
          "W/\"0x8D45F84FA06C193\""
        ],
        "Vary": [
          "Accept-Encoding"
        ],
        "request-id": [
          "39323d31-de4d-4ae4-af26-b4020af7905a"
        ],
        "elapsed-time": [
          "31"
        ],
        "OData-Version": [
          "4.0"
        ],
        "Preference-Applied": [
          "odata.include-annotations=\"*\""
        ],
        "Strict-Transport-Security": [
          "max-age=15724800; includeSubDomains"
        ]
      },
      "StatusCode": 200
    },
    {
      "RequestUri": "/subscriptions/b80cf239-2c72-47ab-b309-b26aec4656b1/resourceGroups/azsmnet9642/providers/Microsoft.Search/searchServices/azs-5950?api-version=2015-08-19",
      "EncodedRequestUri": "L3N1YnNjcmlwdGlvbnMvYjgwY2YyMzktMmM3Mi00N2FiLWIzMDktYjI2YWVjNDY1NmIxL3Jlc291cmNlR3JvdXBzL2F6c21uZXQ5NjQyL3Byb3ZpZGVycy9NaWNyb3NvZnQuU2VhcmNoL3NlYXJjaFNlcnZpY2VzL2F6cy01OTUwP2FwaS12ZXJzaW9uPTIwMTUtMDgtMTk=",
      "RequestMethod": "DELETE",
      "RequestBody": "",
      "RequestHeaders": {
        "x-ms-client-request-id": [
          "73f4ea41-dde2-42e1-8552-92b58920d3df"
        ],
        "accept-language": [
          "en-US"
        ],
        "User-Agent": [
          "FxVersion/4.6.24214.01",
          "Microsoft.Azure.Management.Search.SearchManagementClient/1.0.1"
        ]
      },
      "ResponseBody": "",
      "ResponseHeaders": {
        "Content-Length": [
          "0"
        ],
        "Expires": [
          "-1"
        ],
        "Cache-Control": [
          "no-cache"
        ],
        "Date": [
          "Tue, 28 Feb 2017 02:53:31 GMT"
        ],
        "Pragma": [
          "no-cache"
        ],
        "x-ms-request-id": [
          "73f4ea41-dde2-42e1-8552-92b58920d3df"
        ],
        "request-id": [
          "73f4ea41-dde2-42e1-8552-92b58920d3df"
        ],
        "elapsed-time": [
          "354"
        ],
        "Strict-Transport-Security": [
          "max-age=31536000; includeSubDomains"
        ],
        "X-AspNet-Version": [
          "4.0.30319"
        ],
        "x-ms-ratelimit-remaining-subscription-writes": [
          "1161"
        ],
        "x-ms-correlation-request-id": [
          "f7464886-9e53-4b48-804b-dd67c3fd6072"
        ],
        "x-ms-routing-request-id": [
          "CENTRALUS:20170228T025332Z:f7464886-9e53-4b48-804b-dd67c3fd6072"
        ]
      },
      "StatusCode": 200
    }
  ],
  "Names": {
    "GenerateName": [
      "azsmnet9642",
      "azsmnet5498",
      "azsmnet8830",
      "azsmnet5113"
    ],
    "GenerateServiceName": [
      "azs-5950"
    ]
  },
  "Variables": {
    "SubscriptionId": "b80cf239-2c72-47ab-b309-b26aec4656b1"
  }
}